// Jest Snapshot v1, https://goo.gl/fbAQLP

exports[`Test suite for RedditList component should render an empty List and hit the API 1`] = `
<div>
  <header
    class="reddit-list__header"
  >
    <label
      class="debounced-input__label"
      for="subreddit"
    >
      Please enter a subreddit
      <input
        class="debounced-input__input"
        data-testid="debouncedInput"
        id="subreddit"
        value="reactjs"
      />
    </label>
    <nav>
      <button
        class="paginator__button disabled"
      >
        Previous
      </button>
      <span
        class="paginator__page"
      >
        Page 
        1
         out of 
        1
      </span>
      <button
        class="paginator__button disabled"
      >
        Next
      </button>
    </nav>
  </header>
  <div
    class="reddit-list__posts"
  />
</div>
`;
